<?xml version="1.0" encoding="UTF-8"?>
<testsuites name="jest tests" tests="1" failures="0" time="3.192">
  <testsuite name="undefined" errors="0" failures="0" skipped="0" timestamp="2019-03-05T10:08:07" time="1.867" tests="1">
    <testcase classname=" adds 1 + 2 to equal 3" name=" adds 1 + 2 to equal 3" time="0.003">
    </testcase>
  </testsuite>
</testsuites>